[2025-07-23 16:48:27] INFO: >> Starting comprehensive API integration tests...
[2025-07-23 16:48:27] INFO: Testing health check endpoint...
[2025-07-23 16:48:27] INFO: [PASS] Health check passed
[2025-07-23 16:48:27] INFO: Testing user registration...
[2025-07-23 16:48:27] INFO: [PASS] User already exists (expected)
[2025-07-23 16:48:28] INFO: Testing user login...
[2025-07-23 16:48:28] INFO: [PASS] User login successful
[2025-07-23 16:48:28] INFO: Testing user profile retrieval...
[2025-07-23 16:48:28] INFO: [PASS] User profile retrieved: test@example.com, Role: FREE_USER
[2025-07-23 16:48:29] INFO: Testing channel creation limits...
[2025-07-23 16:48:29] INFO: Cleaning up existing channels...
[2025-07-23 16:48:29] ERROR: [FAIL] Channel creation limit test failed: string indices must be integers
[2025-07-23 16:48:29] INFO: Testing channels API...
[2025-07-23 16:48:29] INFO: [PASS] Channels API working: 4 channels found
[2025-07-23 16:48:30] INFO: Testing signals API...
[2025-07-23 16:48:30] INFO: [PASS] Signals API working: 5 signals found
[2025-07-23 16:48:30] INFO: Testing signals statistics...
[2025-07-23 16:48:30] INFO: [PASS] Signals stats working: 0 total signals
[2025-07-23 16:48:31] INFO: Testing subscriptions API...
[2025-07-23 16:48:31] INFO: [PASS] Subscription plans working: 3 plans available
[2025-07-23 16:48:31] INFO: [PASS] No current subscription (expected for new user)
[2025-07-23 16:48:31] INFO: Testing payments API...
[2025-07-23 16:48:32] INFO: [PASS] Payments API working: 5 payments found
[2025-07-23 16:48:32] INFO: Testing API documentation...
[2025-07-23 16:48:32] INFO: [PASS] API documentation accessible
[2025-07-23 16:48:33] INFO: 
[STATS] Test Results:
[2025-07-23 16:48:33] INFO: [PASS] Passed: 10
[2025-07-23 16:48:33] INFO: [FAIL] Failed: 1
[2025-07-23 16:48:33] INFO: [RATE] Success Rate: 90.9%
[2025-07-23 16:48:33] INFO: [WARN]  1 tests failed. Please check the logs above.
